
> analysis_clean.txt:4:  
error - Target of URI 
doesn't exist: '../../../m
odels/offer_model.dart' - 
lib\pages\shop\service_det
ail\components\service_off
er_card.dart:3:8 - 
uri_does_not_exist
> analysis_clean.txt:5:  
error - Target of URI 
doesn't exist: '../../../b
ackend/currency_service.da
rt' - lib\pages\shop\servi
ce_detail\components\servi
ce_offer_card.dart:4:8 - 
uri_does_not_exist
> analysis_clean.txt:6:  
error - Undefined class 
'Offer' - lib\pages\shop\s
ervice_detail\components\s
ervice_offer_card.dart:8:9
 - undefined_class
> analysis_clean.txt:7:  
error - Undefined name 
'CurrencyService' - lib\pa
ges\shop\service_detail\co
mponents\service_offer_car
d.dart:187:29 - 
undefined_identifier
> analysis_clean.txt:8:  
error - Undefined name 
'CurrencyService' - lib\pa
ges\shop\service_detail\co
mponents\service_offer_car
d.dart:197:27 - 
undefined_identifier
> analysis_clean.txt:9:  
error - Target of URI 
doesn't exist: '../../../f
lutter_flow/flutter_flow_t
heme.dart' - lib\pages\use
r\my_purchases\components\
purchase_card.dart:3:8 - 
uri_does_not_exist
> analysis_clean.txt:10:  
error - Target of URI 
doesn't exist: '../../../b
ackend/icon_helper.dart' 
- lib\pages\user\my_purcha
ses\components\purchase_ca
rd.dart:4:8 - 
uri_does_not_exist
> analysis_clean.txt:11:  
error - Target of URI 
doesn't exist: '../../../b
ackend/currency_service.da
rt' - lib\pages\user\my_pu
rchases\components\purchas
e_card.dart:5:8 - 
uri_does_not_exist
> analysis_clean.txt:12:  
error - Undefined name 
'CurrencyService' - lib\pa
ges\user\my_purchases\comp
onents\purchase_card.dart:
42:19 - 
undefined_identifier
> analysis_clean.txt:13:  
error - Undefined name 
'FlutterFlowTheme' - lib\p
ages\user\my_purchases\com
ponents\purchase_card.dart
:50:11 - 
undefined_identifier
> analysis_clean.txt:14:  
error - Undefined name 
'IconHelper' - lib\pages\u
ser\my_purchases\component
s\purchase_card.dart:52:28
 - undefined_identifier
> analysis_clean.txt:15:  
error - Undefined name 
'FlutterFlowTheme' - lib\p
ages\user\my_purchases\com
ponents\purchase_card.dart
:58:19 - 
undefined_identifier
> analysis_clean.txt:16:  
error - Undefined name 
'FlutterFlowTheme' - lib\p
ages\user\my_purchases\com
ponents\purchase_card.dart
:80:18 - 
undefined_identifier
> analysis_clean.txt:17:  
error - Undefined name 
'FlutterFlowTheme' - lib\p
ages\user\my_purchases\com
ponents\purchase_card.dart
:221:29 - 
undefined_identifier
> analysis_clean.txt:18:  
error - Undefined name 
'FlutterFlowTheme' - lib\p
ages\user\my_purchases\com
ponents\purchase_card.dart
:222:29 - 
undefined_identifier
> analysis_clean.txt:19:  
error - Undefined name 
'FlutterFlowTheme' - lib\p
ages\user\my_purchases\com
ponents\purchase_card.dart
:230:36 - 
undefined_identifier
> analysis_clean.txt:20:  
error - Undefined name 
'FlutterFlowTheme' - lib\p
ages\user\my_purchases\com
ponents\purchase_card.dart
:262:31 - 
undefined_identifier
> analysis_clean.txt:21:  
error - Undefined name 
'FlutterFlowTheme' - lib\p
ages\user\my_purchases\com
ponents\purchase_card.dart
:264:40 - 
undefined_identifier
> analysis_clean.txt:22:  
error - Target of URI 
doesn't exist: '../../../c
omponents/smart_back_butto
n.dart' - lib\pages\user\p
rofile\appearance\appearan
ce_widget.dart:3:8 - 
uri_does_not_exist
> analysis_clean.txt:23:  
error - The method 
'SmartBackButton' isn't 
defined for the type 
'_AppearanceWidgetState' 
- lib\pages\user\profile\a
ppearance\appearance_widge
t.dart:111:20 - 
undefined_method
> analysis_clean.txt:24:  
error - Target of URI 
doesn't exist: '../../../f
lutter_flow/flutter_flow_t
heme.dart' - lib\pages\use
r\profile\components\profi
le_menu_item.dart:3:8 - 
uri_does_not_exist
> analysis_clean.txt:25:  
error - Undefined name 
'FlutterFlowTheme' - lib\p
ages\user\profile\componen
ts\profile_menu_item.dart:
45:15 - 
undefined_identifier
> analysis_clean.txt:26:  
error - Undefined name 
'FlutterFlowTheme' - lib\p
ages\user\profile\componen
ts\profile_menu_item.dart:
50:27 - 
undefined_identifier
> analysis_clean.txt:27:  
error - Undefined name 
'FlutterFlowTheme' - lib\p
ages\user\profile\componen
ts\profile_menu_item.dart:
56:16 - 
undefined_identifier
> analysis_clean.txt:28:  
error - Undefined name 
'FlutterFlowTheme' - lib\p
ages\user\profile\componen
ts\profile_menu_item.dart:
64:33 - 
undefined_identifier
> analysis_clean.txt:29:  
error - Undefined name 
'FlutterFlowTheme' - lib\p
ages\user\profile\componen
ts\profile_menu_item.dart:
66:19 - 
undefined_identifier
> analysis_clean.txt:30:  
error - Undefined name 
'FlutterFlowTheme' - lib\p
ages\user\profile\componen
ts\profile_menu_item.dart:
70:22 - 
undefined_identifier
> analysis_clean.txt:31:  
error - Undefined name 
'FlutterFlowTheme' - lib\p
ages\user\profile\componen
ts\profile_menu_item.dart:
81:15 - 
undefined_identifier
> analysis_clean.txt:32:  
error - Undefined name 
'FlutterFlowTheme' - lib\p
ages\user\profile\componen
ts\profile_menu_item.dart:
82:15 - 
undefined_identifier
> analysis_clean.txt:33:  
error - Undefined name 
'FlutterFlowTheme' - lib\p
ages\user\profile\componen
ts\profile_menu_item.dart:
88:17 - 
undefined_identifier
> analysis_clean.txt:34:  
error - Undefined name 
'FlutterFlowTheme' - lib\p
ages\user\profile\componen
ts\profile_menu_item.dart:
89:17 - 
undefined_identifier
> analysis_clean.txt:35:  
error - Undefined name 
'FlutterFlowTheme' - lib\p
ages\user\profile\componen
ts\profile_menu_item.dart:
96:16 - 
undefined_identifier
> analysis_clean.txt:36:  
error - Undefined name 
'FlutterFlowTheme' - lib\p
ages\user\profile\componen
ts\profile_menu_item.dart:
100:23 - 
undefined_identifier
> analysis_clean.txt:37:  
error - Undefined name 
'FlutterFlowTheme' - lib\p
ages\user\profile\componen
ts\profile_menu_item.dart:
111:27 - 
undefined_identifier
> analysis_clean.txt:38:  
error - Undefined name 
'FlutterFlowTheme' - lib\p
ages\user\profile\componen
ts\profile_menu_item.dart:
114:27 - 
undefined_identifier
> analysis_clean.txt:39:  
error - Undefined name 
'FlutterFlowTheme' - lib\p
ages\user\profile\componen
ts\profile_menu_item.dart:
122:27 - 
undefined_identifier
> analysis_clean.txt:40:  
error - Undefined name 
'FlutterFlowTheme' - lib\p
ages\user\profile\componen
ts\profile_menu_item.dart:
123:27 - 
undefined_identifier
> analysis_clean.txt:41:  
error - Undefined name 
'FlutterFlowTheme' - lib\p
ages\user\profile\componen
ts\profile_menu_item.dart:
131:28 - 
undefined_identifier
> analysis_clean.txt:42:  
error - Undefined name 
'FlutterFlowTheme' - lib\p
ages\user\profile\componen
ts\profile_menu_item.dart:
133:33 - 
undefined_identifier
> analysis_clean.txt:43:  
error - Undefined name 
'FlutterFlowTheme' - lib\p
ages\user\profile\componen
ts\profile_menu_item.dart:
134:33 - 
undefined_identifier
> analysis_clean.txt:44:  
error - Undefined name 
'FlutterFlowTheme' - lib\p
ages\user\profile\componen
ts\profile_menu_item.dart:
147:39 - 
undefined_identifier
  analysis_clean.txt:45:


